[33;1mVERBOSE: Resolving base path C:/Users/Deniska/Downloads/Alcatraz-master/Alcatraz-master/vcpkg_installed/vcpkg/pkgs/zydis_x64-windows/tools/zydis/ZydisDisasm.exe...[0m
[33;1mVERBOSE: Resolving C:/Users/Deniska/Downloads/Alcatraz-master/Alcatraz-master/vcpkg_installed/vcpkg/pkgs/zydis_x64-windows/tools/zydis/ZydisDisasm.exe...[0m
[33;1mVERBOSE:   Zydis.dll: Zydis.dll not found in C:\Users\Deniska\Downloads\Alcatraz-master\Alcatraz-master\vcpkg_installed\x64-windows; locally deployed[0m
[33;1mVERBOSE: Resolving C:\Users\Deniska\Downloads\Alcatraz-master\Alcatraz-master\vcpkg_installed\vcpkg\pkgs\zydis_x64-windows\tools\zydis\Zydis.dll...[0m
[33;1mVERBOSE:   VCRUNTIME140.dll: C:\Users\Deniska\Downloads\Alcatraz-master\Alcatraz-master\vcpkg_installed\x64-windows\bin\VCRUNTIME140.dll not found[0m
[33;1mVERBOSE:   api-ms-win-crt-runtime-l1-1-0.dll: C:\Users\Deniska\Downloads\Alcatraz-master\Alcatraz-master\vcpkg_installed\x64-windows\bin\api-ms-win-crt-runtime-l1-1-0.dll not found[0m
[33;1mVERBOSE:   KERNEL32.dll: C:\Users\Deniska\Downloads\Alcatraz-master\Alcatraz-master\vcpkg_installed\x64-windows\bin\KERNEL32.dll not found[0m
[33;1mVERBOSE: Done Resolving C:\Users\Deniska\Downloads\Alcatraz-master\Alcatraz-master\vcpkg_installed\vcpkg\pkgs\zydis_x64-windows\tools\zydis\Zydis.dll.[0m
[33;1mVERBOSE:   Zycore.dll: Copying C:\Users\Deniska\Downloads\Alcatraz-master\Alcatraz-master\vcpkg_installed\x64-windows\bin\Zycore.dll[0m
[33;1mVERBOSE: Resolving C:\Users\Deniska\Downloads\Alcatraz-master\Alcatraz-master\vcpkg_installed\vcpkg\pkgs\zydis_x64-windows\tools\zydis\Zycore.dll...[0m
[33;1mVERBOSE:   KERNEL32.dll: previously searched - Skip[0m
[33;1mVERBOSE:   VCRUNTIME140.dll: previously searched - Skip[0m
[33;1mVERBOSE:   api-ms-win-crt-runtime-l1-1-0.dll: previously searched - Skip[0m
[33;1mVERBOSE:   api-ms-win-crt-stdio-l1-1-0.dll: C:\Users\Deniska\Downloads\Alcatraz-master\Alcatraz-master\vcpkg_installed\x64-windows\bin\api-ms-win-crt-stdio-l1-1-0.dll not found[0m
[33;1mVERBOSE:   api-ms-win-crt-heap-l1-1-0.dll: C:\Users\Deniska\Downloads\Alcatraz-master\Alcatraz-master\vcpkg_installed\x64-windows\bin\api-ms-win-crt-heap-l1-1-0.dll not found[0m
[33;1mVERBOSE: Done Resolving C:\Users\Deniska\Downloads\Alcatraz-master\Alcatraz-master\vcpkg_installed\vcpkg\pkgs\zydis_x64-windows\tools\zydis\Zycore.dll.[0m
[33;1mVERBOSE:   VCRUNTIME140.dll: previously searched - Skip[0m
[33;1mVERBOSE:   api-ms-win-crt-runtime-l1-1-0.dll: previously searched - Skip[0m
[33;1mVERBOSE:   api-ms-win-crt-stdio-l1-1-0.dll: previously searched - Skip[0m
[33;1mVERBOSE:   api-ms-win-crt-environment-l1-1-0.dll: C:\Users\Deniska\Downloads\Alcatraz-master\Alcatraz-master\vcpkg_installed\x64-windows\bin\api-ms-win-crt-environment-l1-1-0.dll not found[0m
[33;1mVERBOSE:   api-ms-win-crt-math-l1-1-0.dll: C:\Users\Deniska\Downloads\Alcatraz-master\Alcatraz-master\vcpkg_installed\x64-windows\bin\api-ms-win-crt-math-l1-1-0.dll not found[0m
[33;1mVERBOSE:   api-ms-win-crt-locale-l1-1-0.dll: C:\Users\Deniska\Downloads\Alcatraz-master\Alcatraz-master\vcpkg_installed\x64-windows\bin\api-ms-win-crt-locale-l1-1-0.dll not found[0m
[33;1mVERBOSE:   api-ms-win-crt-heap-l1-1-0.dll: previously searched - Skip[0m
[33;1mVERBOSE:   KERNEL32.dll: previously searched - Skip[0m
[33;1mVERBOSE: Done Resolving C:/Users/Deniska/Downloads/Alcatraz-master/Alcatraz-master/vcpkg_installed/vcpkg/pkgs/zydis_x64-windows/tools/zydis/ZydisDisasm.exe.[0m
[33;1mVERBOSE: 
Name                           Value
----                           -----
Zycore.dll                     True
api-ms-win-crt-heap-l1-1-0.dll True
KERNEL32.dll                   True
api-ms-win-crt-stdio-l1-1-0.d… True
Zydis.dll                      True
api-ms-win-crt-runtime-l1-1-0… True
VCRUNTIME140.dll               True
api-ms-win-crt-locale-l1-1-0.… True
api-ms-win-crt-math-l1-1-0.dll True
api-ms-win-crt-environment-l1… True

[0m
